Microchip MPLAB XC8 Compiler V2.32

Linker command line:

-W-3 --edf=C:\Program Files\Microchip\xc8\v2.32\pic\dat\en_msgs.txt -cn \
  -h+dist/default/production\Lab5.X.production.sym \
  --cmf=dist/default/production\Lab5.X.production.cmf -z -Q16F887 \
  -oC:\Users\user\AppData\Local\Temp\xcAs2m0.4 --defsym=__MPLAB_BUILD=1 \
  -Mdist/default/production/Lab5.X.production.map -E1 -ver=XC8 Compiler \
  --acfsm=1493 -ASTACK=0110h-016Fh -pstack=STACK -ACODE=00h-07FFhx4 \
  -ASTRCODE=00h-01FFFh -ASTRING=00h-0FFhx32 -ACONST=00h-0FFhx32 \
  -AENTRY=00h-0FFhx32 -ACOMMON=070h-07Fh -ABANK0=020h-06Fh \
  -ABANK1=0A0h-0EFh -ABANK2=0110h-016Fh -ABANK3=0190h-01EFh \
  -ARAM=020h-06Fh,0A0h-0EFh,0110h-016Fh,0190h-01EFh \
  -AABS1=020h-07Fh,0A0h-0EFh,0110h-016Fh,0190h-01EFh -ASFR0=00h-01Fh \
  -ASFR1=080h-09Fh -ASFR2=0100h-010Fh -ASFR3=0180h-018Fh \
  -ACONFIG=02007h-02008h -DCONFIG=2 -AIDLOC=02000h-02003h -DIDLOC=2 \
  -AEEDATA=00h-0FFh/02100h -peeprom_data=EEDATA -DEEDATA=2 -DCODE=2 \
  -DSTRCODE=2 -DSTRING=2 -DCONST=2 -DENTRY=2 \
  -preset_vec=00h,intentry=04h,init,end_init -ppowerup=CODE -pcinit=CODE \
  -pfunctab=ENTRY -k C:\Users\user\AppData\Local\Temp\xcAs2m0.o \
  dist/default/production\Lab5.X.production.o 

Object code version is 3.11

Machine type is 16F887



                Name                               Link     Load   Length Selector   Space Scale
C:\Users\user\AppData\Local\Temp\xcAs2m0.o
                end_init                              E        E        3        8       0
                reset_vec                             0        0        3        0       0
                config                             2007     2007        2        0       4
dist/default/production\Lab5.X.production.o
                cinit                                11       11       15        8       0
                intentry                              4        4        A        8       0
                config                             2007     2007        2        0       4
                text13                              319      319       3F        8       0
                text12                              40F      40F       15        8       0
                text11                               26       26       AC        8       0
                text10                              38E      38E       2D        8       0
                text9                               23B      23B       5C        8       0
                text8                               1D2      1D2       69        8       0
                text7                               3E2      3E2       17        8       0
                text6                               3BB      3BB       27        8       0
                text5                               2D8      2D8       41        8       0
                text4                               152      152       80        8       0
                text3                                D2       D2       80        8       0
                text2                               358      358       36        8       0
                text1                               3F9      3F9       16        8       0
                maintext                            297      297       41        8       0
                cstackBANK0                          3C       3C       13       20       1
                cstackCOMMON                         70       70        C       70       1
                clrtext                             424      424        8        8       0
                dataBANK0                            4F       4F        1       20       1
                bssBANK0                             20       20       1C       20       1
                bssCOMMON                            7C       7C        2       70       1
                idataBANK0                          42C      42C        1        8       0

TOTAL           Name                               Link     Load   Length     Space
        CLASS   STACK          

        CLASS   CODE           
                end_init                              E        E        3         0
                cinit                                11       11       15         0
                intentry                              4        4        A         0
                reset_vec                             0        0        3         0
                text13                              319      319       3F         0
                text12                              40F      40F       15         0
                text11                               26       26       AC         0
                text10                              38E      38E       2D         0
                text9                               23B      23B       5C         0
                text8                               1D2      1D2       69         0
                text7                               3E2      3E2       17         0
                text6                               3BB      3BB       27         0
                text5                               2D8      2D8       41         0
                text4                               152      152       80         0
                text3                                D2       D2       80         0
                text2                               358      358       36         0
                text1                               3F9      3F9       16         0
                maintext                            297      297       41         0
                clrtext                             424      424        8         0
                idataBANK0                          42C      42C        1         0

        CLASS   STRCODE        

        CLASS   STRING         

        CLASS   CONST          

        CLASS   ENTRY          

        CLASS   COMMON         
                cstackCOMMON                         70       70        C         1
                bssCOMMON                            7C       7C        2         1

        CLASS   BANK0          
                cstackBANK0                          3C       3C       13         1
                dataBANK0                            4F       4F        1         1
                bssBANK0                             20       20       1C         1

        CLASS   BANK1          

        CLASS   BANK2          

        CLASS   BANK3          

        CLASS   RAM            

        CLASS   ABS1           
                abs_s1                               7E       7E        2         1

        CLASS   SFR0           

        CLASS   SFR1           

        CLASS   SFR2           

        CLASS   SFR3           

        CLASS   CONFIG         
                config                             2007     2007        2         4

        CLASS   IDLOC          

        CLASS   EEDATA         



SEGMENTS        Name                           Load    Length   Top    Selector   Space  Class     Delta

                reset_vec                      000000  000003  000003         0       0  CODE        2
                intentry                       000004  000429  00042D         8       0  CODE        2
                bssBANK0                       000020  000030  000050        20       1  BANK0       1
                cstackCOMMON                   000070  00000E  00007E        70       1  COMMON      1


UNUSED ADDRESS RANGES

        Name                Unused          Largest block    Delta
        BANK0            0050-006F             20           1
        BANK1            00A0-00EF             50           1
        BANK2            0110-016F             60           1
        BANK3            0190-01EF             60           1
        CODE             0003-0003              1           2
                         042D-1FFF            800
        CONST            0003-0003              1           2
                         042D-1FFF            100
        EEDATA           2100-21FF            100           2
        ENTRY            0003-0003              1           2
                         042D-1FFF            100
        IDLOC            2000-2003              4           2
        RAM              0050-006F             20           1
                         00A0-00EF             50
                         0110-016F             60
                         0190-01EF             60
        SFR0             0000-001F             20           1
        SFR1             0080-009F             20           1
        SFR2             0100-010F             10           1
        SFR3             0180-018F             10           1
        STACK            0110-016F             60           1
        STRCODE          0003-0003              1           2
                         042D-1FFF           1BD3
        STRING           0003-0003              1           2
                         042D-1FFF            100

                                  Symbol Table

?___awdiv                cstackBANK0  0042
?___wmul                 cstackBANK0  003C
_A                       bssBANK0     0027
_A1                      bssBANK0     0023
_ABC                     bssBANK0     0024
_AC1                     bssBANK0     0038
_AC2                     bssBANK0     0032
_AD1                     bssBANK0     0037
_AD2                     bssBANK0     0031
_ADCON1                  (abs)        009F
_ANSEL                   (abs)        0188
_ANSELH                  (abs)        0189
_AR1                     bssBANK0     002B
_AR2                     bssBANK0     002A
_AR3                     bssBANK0     0029
_AR4                     bssBANK0     0028
_AU1                     bssBANK0     0036
_AU2                     bssBANK0     0030
_B                       bssBANK0     0026
_BAUDCTLbits             (abs)        0187
_BOTON                   bssBANK0     0020
_C                       bssBANK0     0025
_CONT                    bssBANK0     002C
_CONTADOR                text11       0026
_Cen1                    bssBANK0     003B
_Cen2                    bssBANK0     0035
_Dec1                    bssBANK0     003A
_Dec2                    bssBANK0     0034
_INTCONbits              (abs)        000B
_IOCBbits                (abs)        0096
_ISR                     text9        023B
_LECT1                   text4        0152
_LECT2                   text3        00D2
_OPTION_REG              (abs)        0081
_OSCCONbits              (abs)        008F
_PIE1bits                (abs)        008C
_PIR1bits                (abs)        000C
_PORTA                   (abs)        0005
_PORTB                   (abs)        0006
_PORTBbits               (abs)        0006
_PORTC                   (abs)        0007
_PORTD                   (abs)        0008
_PORTE                   (abs)        0009
_RCREG                   (abs)        001A
_RCSTAbits               (abs)        0018
_SPBRG                   (abs)        0099
_SPBRGH                  (abs)        009A
_Setup                   text2        0358
_TMR0                    (abs)        0001
_TRISA                   (abs)        0085
_TRISB                   (abs)        0086
_TRISC                   (abs)        0087
_TRISD                   (abs)        0088
_TRISE                   (abs)        0089
_TXREG                   (abs)        0019
_TXSTAbits               (abs)        0098
_USARTcon                text1        03F9
_Un1                     bssBANK0     0039
_Un2                     bssBANK0     0033
_WPUBbits                (abs)        0095
__Habs1                  abs1         0000
__Hbank0                 bank0        0000
__Hbank1                 bank1        0000
__Hbank2                 bank2        0000
__Hbank3                 bank3        0000
__HbssBANK0              bssBANK0     0000
__HbssCOMMON             bssCOMMON    0000
__Hcinit                 cinit        0026
__Hclrtext               clrtext      0000
__Hcode                  code         0000
__Hcommon                common       0000
__Hconfig                config       2009
__HcstackBANK0           cstackBANK0  0000
__HcstackCOMMON          cstackCOMMON 0000
__HdataBANK0             dataBANK0    0000
__Heeprom_data           eeprom_data  0000
__Hend_init              end_init     0011
__Hfunctab               functab      0000
__HidataBANK0            idataBANK0   0000
__Hinit                  init         000E
__Hintentry              intentry     000E
__Hmaintext              maintext     0000
__Hpowerup               powerup      0000
__Hram                   ram          0000
__Hreset_vec             reset_vec    0003
__Hsfr0                  sfr0         0000
__Hsfr1                  sfr1         0000
__Hsfr2                  sfr2         0000
__Hsfr3                  sfr3         0000
__Hspace_0               (abs)        042D
__Hspace_1               (abs)        007E
__Hspace_2               (abs)        0000
__Hspace_3               (abs)        0000
__Hspace_4               (abs)        4010
__Hstack                 stack        0000
__Hstrings               strings      0000
__Htext                  text         0000
__Labs1                  abs1         0000
__Lbank0                 bank0        0000
__Lbank1                 bank1        0000
__Lbank2                 bank2        0000
__Lbank3                 bank3        0000
__LbssBANK0              bssBANK0     0000
__LbssCOMMON             bssCOMMON    0000
__Lcinit                 cinit        0011
__Lclrtext               clrtext      0000
__Lcode                  code         0000
__Lcommon                common       0000
__Lconfig                config       0000
__LcstackBANK0           cstackBANK0  0000
__LcstackCOMMON          cstackCOMMON 0000
__LdataBANK0             dataBANK0    0000
__Leeprom_data           eeprom_data  0000
__Lend_init              end_init     000E
__Lfunctab               functab      0000
__LidataBANK0            idataBANK0   0000
__Linit                  init         000E
__Lintentry              intentry     0004
__Lmaintext              maintext     0000
__Lpowerup               powerup      0000
__Lram                   ram          0000
__Lreset_vec             reset_vec    0000
__Lsfr0                  sfr0         0000
__Lsfr1                  sfr1         0000
__Lsfr2                  sfr2         0000
__Lsfr3                  sfr3         0000
__Lspace_0               (abs)        0000
__Lspace_1               (abs)        0000
__Lspace_2               (abs)        0000
__Lspace_3               (abs)        0000
__Lspace_4               (abs)        0000
__Lstack                 stack        0000
__Lstrings               strings      0000
__Ltext                  text         0000
__S0                     (abs)        042D
__S1                     (abs)        007E
__S2                     (abs)        0000
__S3                     (abs)        0000
___awdiv                 text8        01D2
___awdiv@counter         cstackBANK0  0047
___awdiv@dividend        cstackBANK0  0044
___awdiv@divisor         cstackBANK0  0042
___awdiv@quotient        cstackBANK0  0049
___awdiv@sign            cstackBANK0  0048
___bmul                  text7        03E2
___bmul@multiplicand     cstackBANK0  003C
___bmul@multiplier       cstackBANK0  003F
___bmul@product          cstackBANK0  003E
___int_sp                stack        0000
___latbits               (abs)        0002
___sp                    stack        0000
___stackhi               (abs)        0000
___stacklo               (abs)        0000
___wmul                  text6        03BB
___wmul@multiplicand     cstackBANK0  003E
___wmul@multiplier       cstackBANK0  003C
___wmul@product          cstackBANK0  0040
__end_of_CONTADOR        text11       00D2
__end_of_ISR             text9        0297
__end_of_LECT1           text4        01D2
__end_of_LECT2           text3        0152
__end_of_Setup           text2        038E
__end_of_USARTcon        text1        040F
__end_of___awdiv         text8        023B
__end_of___bmul          text7        03F9
__end_of___wmul          text6        03E2
__end_of__initialization cinit        0022
__end_of_envio           text10       03BB
__end_of_main            maintext     02D8
__end_of_num_ascii       text5        0319
__end_of_num_ascii_dec   text13       0358
__end_ofi1___bmul        text12       0424
__initialization         cinit        0011
__pbssBANK0              bssBANK0     0020
__pbssCOMMON             bssCOMMON    007C
__pcstackBANK0           cstackBANK0  003C
__pcstackCOMMON          cstackCOMMON 0070
__pdataBANK0             dataBANK0    004F
__pidataBANK0            idataBANK0   042C
__pintentry              intentry     0004
__pmaintext              maintext     0297
__ptext1                 text1        03F9
__ptext10                text10       038E
__ptext11                text11       0026
__ptext12                text12       040F
__ptext13                text13       0319
__ptext2                 text2        0358
__ptext3                 text3        00D2
__ptext4                 text4        0152
__ptext5                 text5        02D8
__ptext6                 text6        03BB
__ptext7                 text7        03E2
__ptext8                 text8        01D2
__ptext9                 text9        023B
__size_of_CONTADOR       (abs)        0000
__size_of_ISR            (abs)        0000
__size_of_LECT1          (abs)        0000
__size_of_LECT2          (abs)        0000
__size_of_Setup          (abs)        0000
__size_of_USARTcon       (abs)        0000
__size_of___awdiv        (abs)        0000
__size_of___bmul         (abs)        0000
__size_of___wmul         (abs)        0000
__size_of_envio          (abs)        0000
__size_of_main           (abs)        0000
__size_of_num_ascii      (abs)        0000
__size_of_num_ascii_dec  (abs)        0000
__size_ofi1___bmul       (abs)        0000
_cc                      bssCOMMON    007C
_envio                   text10       038E
_main                    maintext     0297
_num_ascii               text5        02D8
_num_ascii_dec           text13       0319
_res                     bssBANK0     002D
_signo                   bssBANK0     002F
_sum                     bssBANK0     002E
_toggleTX                bssCOMMON    007D
btemp                    (abs)        007E
clear_ram0               clrtext      0424
end_of_initialization    cinit        0022
i1___bmul                text12       040F
i1___bmul@multiplicand   cstackCOMMON 0070
i1___bmul@multiplier     cstackCOMMON 0073
i1___bmul@product        cstackCOMMON 0072
interrupt_function       intentry     0004
intlevel0                functab      0000
intlevel1                functab      0000
intlevel2                functab      0000
intlevel3                functab      0000
intlevel4                functab      0000
intlevel5                functab      0000
num_ascii@num            cstackBANK0  003E
num_ascii_dec@num        cstackCOMMON 0072
reset_vec                reset_vec    0000
saved_w                  (abs)        007E
start                    init         000E
start_initialization     cinit        0011
wtemp0                   (abs)        007E


MODULE INFORMATION

Module		Function		Class		Link	Load	Size
C:\Program Files\Microchip\xc8\v2.32\pic\sources\c90\common\Umul8.c
		___bmul        		CODE           	03E2	0000	23

C:\Program Files\Microchip\xc8\v2.32\pic\sources\c90\common\Umul8.c estimated size: 23

USART.c
		_USARTcon      		CODE           	03F9	0000	22

USART.c estimated size: 22

shared
		__initialization		CODE           	0011	0000	17
		i1___bmul      		CODE           	040F	0000	21

shared estimated size: 38

C:\Program Files\Microchip\xc8\v2.32\pic\sources\c90\common\awdiv.c
		___awdiv       		CODE           	01D2	0000	105

C:\Program Files\Microchip\xc8\v2.32\pic\sources\c90\common\awdiv.c estimated size: 105

C:\Program Files\Microchip\xc8\v2.32\pic\sources\c90\common\Umul16.c
		___wmul        		CODE           	03BB	0000	39

C:\Program Files\Microchip\xc8\v2.32\pic\sources\c90\common\Umul16.c estimated size: 39

main.c
		_LECT2         		CODE           	00D2	0000	128
		_ISR           		CODE           	023B	0000	92
		_main          		CODE           	0297	0000	65
		_Setup         		CODE           	0358	0000	54
		_envio         		CODE           	038E	0000	45
		_LECT1         		CODE           	0152	0000	128
		_CONTADOR      		CODE           	0026	0000	172

main.c estimated size: 684

ASCII.c
		_num_ascii_dec 		CODE           	0319	0000	63
		_num_ascii     		CODE           	02D8	0000	65

ASCII.c estimated size: 128

