Microchip MPLAB XC8 Compiler V2.32

Linker command line:

-W-3 --edf=C:\Program Files\Microchip\xc8\v2.32\pic\dat\en_msgs.txt -cn \
  -h+dist/default/production\Lab5.X.production.sym \
  --cmf=dist/default/production\Lab5.X.production.cmf -z -Q16F887 \
  -oC:\Users\user\AppData\Local\Temp\xcAs9ks.4 --defsym=__MPLAB_BUILD=1 \
  -Mdist/default/production/Lab5.X.production.map -E1 -ver=XC8 Compiler \
  --acfsm=1493 -ASTACK=0110h-016Fh -pstack=STACK -ACODE=00h-07FFhx4 \
  -ASTRCODE=00h-01FFFh -ASTRING=00h-0FFhx32 -ACONST=00h-0FFhx32 \
  -AENTRY=00h-0FFhx32 -ACOMMON=070h-07Fh -ABANK0=020h-06Fh \
  -ABANK1=0A0h-0EFh -ABANK2=0110h-016Fh -ABANK3=0190h-01EFh \
  -ARAM=020h-06Fh,0A0h-0EFh,0110h-016Fh,0190h-01EFh \
  -AABS1=020h-07Fh,0A0h-0EFh,0110h-016Fh,0190h-01EFh -ASFR0=00h-01Fh \
  -ASFR1=080h-09Fh -ASFR2=0100h-010Fh -ASFR3=0180h-018Fh \
  -ACONFIG=02007h-02008h -DCONFIG=2 -AIDLOC=02000h-02003h -DIDLOC=2 \
  -AEEDATA=00h-0FFh/02100h -peeprom_data=EEDATA -DEEDATA=2 -DCODE=2 \
  -DSTRCODE=2 -DSTRING=2 -DCONST=2 -DENTRY=2 \
  -preset_vec=00h,intentry=04h,init,end_init -ppowerup=CODE -pcinit=CODE \
  -pfunctab=ENTRY -k C:\Users\user\AppData\Local\Temp\xcAs9ks.o \
  dist/default/production\Lab5.X.production.o 

Object code version is 3.11

Machine type is 16F887



                Name                               Link     Load   Length Selector   Space Scale
C:\Users\user\AppData\Local\Temp\xcAs9ks.o
                end_init                              C        C        3        8       0
                reset_vec                             0        0        3        0       0
                config                             2007     2007        2        0       4
dist/default/production\Lab5.X.production.o
                cinit                                 F        F       17        8       0
                intentry                              4        4        8        8       0
                config                             2007     2007        2        0       4
                text11                              2CB      2CB       2D        8       0
                text10                              18F      18F       55        8       0
                text9                               25E      25E       37        8       0
                text8                               126      126       69        8       0
                text7                               31F      31F       17        8       0
                text6                               2F8      2F8       27        8       0
                text5                               1E4      1E4       41        8       0
                text4                                A6       A6       80        8       0
                text3                                26       26       80        8       0
                text2                               295      295       36        8       0
                text1                               336      336       16        8       0
                maintext                            225      225       39        8       0
                cstackBANK0                          32       32       11       20       1
                cstackCOMMON                         70       70        6       70       1
                clrtext                             34C      34C        8        8       0
                dataBANK0                            43       43        1       20       1
                bssBANK0                             20       20       12       20       1
                bssCOMMON                            76       76        4       70       1
                idataBANK0                          354      354        1        8       0

TOTAL           Name                               Link     Load   Length     Space
        CLASS   STACK          

        CLASS   CODE           
                end_init                              C        C        3         0
                cinit                                 F        F       17         0
                intentry                              4        4        8         0
                reset_vec                             0        0        3         0
                text11                              2CB      2CB       2D         0
                text10                              18F      18F       55         0
                text9                               25E      25E       37         0
                text8                               126      126       69         0
                text7                               31F      31F       17         0
                text6                               2F8      2F8       27         0
                text5                               1E4      1E4       41         0
                text4                                A6       A6       80         0
                text3                                26       26       80         0
                text2                               295      295       36         0
                text1                               336      336       16         0
                maintext                            225      225       39         0
                clrtext                             34C      34C        8         0
                idataBANK0                          354      354        1         0

        CLASS   STRCODE        

        CLASS   STRING         

        CLASS   CONST          

        CLASS   ENTRY          

        CLASS   COMMON         
                cstackCOMMON                         70       70        6         1
                bssCOMMON                            76       76        4         1

        CLASS   BANK0          
                cstackBANK0                          32       32       11         1
                dataBANK0                            43       43        1         1
                bssBANK0                             20       20       12         1

        CLASS   BANK1          

        CLASS   BANK2          

        CLASS   BANK3          

        CLASS   RAM            

        CLASS   ABS1           
                abs_s1                               7E       7E        2         1

        CLASS   SFR0           

        CLASS   SFR1           

        CLASS   SFR2           

        CLASS   SFR3           

        CLASS   CONFIG         
                config                             2007     2007        2         4

        CLASS   IDLOC          

        CLASS   EEDATA         



SEGMENTS        Name                           Load    Length   Top    Selector   Space  Class     Delta

                reset_vec                      000000  000003  000003         0       0  CODE        2
                intentry                       000004  000351  000355         8       0  CODE        2
                bssBANK0                       000020  000024  000044        20       1  BANK0       1
                cstackCOMMON                   000070  00000A  00007A        70       1  COMMON      1


UNUSED ADDRESS RANGES

        Name                Unused          Largest block    Delta
        BANK0            0044-006F             2C           1
        BANK1            00A0-00EF             50           1
        BANK2            0110-016F             60           1
        BANK3            0190-01EF             60           1
        CODE             0003-0003              1           2
                         0355-1FFF            800
        COMMON           007A-007D              4           1
        CONST            0003-0003              1           2
                         0355-1FFF            100
        EEDATA           2100-21FF            100           2
        ENTRY            0003-0003              1           2
                         0355-1FFF            100
        IDLOC            2000-2003              4           2
        RAM              0044-006F             2C           1
                         00A0-00EF             50
                         0110-016F             60
                         0190-01EF             60
        SFR0             0000-001F             20           1
        SFR1             0080-009F             20           1
        SFR2             0100-010F             10           1
        SFR3             0180-018F             10           1
        STACK            0110-016F             60           1
        STRCODE          0003-0003              1           2
                         0355-1FFF           1CAB
        STRING           0003-0003              1           2
                         0355-1FFF            100

                                  Symbol Table

?___awdiv                cstackBANK0  0036
?___wmul                 cstackBANK0  0032
_AC1                     bssBANK0     002E
_AC2                     bssBANK0     0028
_AD1                     bssBANK0     002D
_AD2                     bssBANK0     0027
_ADCON1                  (abs)        009F
_ANSEL                   (abs)        0188
_ANSELH                  (abs)        0189
_AR1                     bssBANK0     0023
_AR2                     bssBANK0     0022
_AR3                     bssBANK0     0021
_AR4                     bssBANK0     0020
_AU1                     bssBANK0     002C
_AU2                     bssBANK0     0026
_BAUDCTLbits             (abs)        0187
_BOTON                   bssCOMMON    0076
_CONT                    bssCOMMON    0077
_CONTADOR                text9        025E
_Cen1                    bssBANK0     0031
_Cen2                    bssBANK0     002B
_Dec1                    bssBANK0     0030
_Dec2                    bssBANK0     002A
_INTCONbits              (abs)        000B
_IOCBbits                (abs)        0096
_ISR                     text10       018F
_LECT1                   text4        00A6
_LECT2                   text3        0026
_OPTION_REG              (abs)        0081
_OSCCONbits              (abs)        008F
_PIE1bits                (abs)        008C
_PIR1bits                (abs)        000C
_PORTA                   (abs)        0005
_PORTB                   (abs)        0006
_PORTBbits               (abs)        0006
_PORTC                   (abs)        0007
_PORTD                   (abs)        0008
_PORTE                   (abs)        0009
_RCREG                   (abs)        001A
_RCSTAbits               (abs)        0018
_SPBRG                   (abs)        0099
_SPBRGH                  (abs)        009A
_Setup                   text2        0295
_TMR0                    (abs)        0001
_TRISA                   (abs)        0085
_TRISB                   (abs)        0086
_TRISC                   (abs)        0087
_TRISD                   (abs)        0088
_TRISE                   (abs)        0089
_TXREG                   (abs)        0019
_TXSTAbits               (abs)        0098
_USARTcon                text1        0336
_Un1                     bssBANK0     002F
_Un2                     bssBANK0     0029
_WPUBbits                (abs)        0095
__Habs1                  abs1         0000
__Hbank0                 bank0        0000
__Hbank1                 bank1        0000
__Hbank2                 bank2        0000
__Hbank3                 bank3        0000
__HbssBANK0              bssBANK0     0000
__HbssCOMMON             bssCOMMON    0000
__Hcinit                 cinit        0026
__Hclrtext               clrtext      0000
__Hcode                  code         0000
__Hcommon                common       0000
__Hconfig                config       2009
__HcstackBANK0           cstackBANK0  0000
__HcstackCOMMON          cstackCOMMON 0000
__HdataBANK0             dataBANK0    0000
__Heeprom_data           eeprom_data  0000
__Hend_init              end_init     000F
__Hfunctab               functab      0000
__HidataBANK0            idataBANK0   0000
__Hinit                  init         000C
__Hintentry              intentry     000C
__Hmaintext              maintext     0000
__Hpowerup               powerup      0000
__Hram                   ram          0000
__Hreset_vec             reset_vec    0003
__Hsfr0                  sfr0         0000
__Hsfr1                  sfr1         0000
__Hsfr2                  sfr2         0000
__Hsfr3                  sfr3         0000
__Hspace_0               (abs)        0355
__Hspace_1               (abs)        007A
__Hspace_2               (abs)        0000
__Hspace_3               (abs)        0000
__Hspace_4               (abs)        4010
__Hstack                 stack        0000
__Hstrings               strings      0000
__Htext                  text         0000
__Labs1                  abs1         0000
__Lbank0                 bank0        0000
__Lbank1                 bank1        0000
__Lbank2                 bank2        0000
__Lbank3                 bank3        0000
__LbssBANK0              bssBANK0     0000
__LbssCOMMON             bssCOMMON    0000
__Lcinit                 cinit        000F
__Lclrtext               clrtext      0000
__Lcode                  code         0000
__Lcommon                common       0000
__Lconfig                config       0000
__LcstackBANK0           cstackBANK0  0000
__LcstackCOMMON          cstackCOMMON 0000
__LdataBANK0             dataBANK0    0000
__Leeprom_data           eeprom_data  0000
__Lend_init              end_init     000C
__Lfunctab               functab      0000
__LidataBANK0            idataBANK0   0000
__Linit                  init         000C
__Lintentry              intentry     0004
__Lmaintext              maintext     0000
__Lpowerup               powerup      0000
__Lram                   ram          0000
__Lreset_vec             reset_vec    0000
__Lsfr0                  sfr0         0000
__Lsfr1                  sfr1         0000
__Lsfr2                  sfr2         0000
__Lsfr3                  sfr3         0000
__Lspace_0               (abs)        0000
__Lspace_1               (abs)        0000
__Lspace_2               (abs)        0000
__Lspace_3               (abs)        0000
__Lspace_4               (abs)        0000
__Lstack                 stack        0000
__Lstrings               strings      0000
__Ltext                  text         0000
__S0                     (abs)        0355
__S1                     (abs)        007A
__S2                     (abs)        0000
__S3                     (abs)        0000
___awdiv                 text8        0126
___awdiv@counter         cstackBANK0  003B
___awdiv@dividend        cstackBANK0  0038
___awdiv@divisor         cstackBANK0  0036
___awdiv@quotient        cstackBANK0  003D
___awdiv@sign            cstackBANK0  003C
___bmul                  text7        031F
___bmul@multiplicand     cstackCOMMON 0074
___bmul@multiplier       cstackBANK0  0033
___bmul@product          cstackBANK0  0032
___int_sp                stack        0000
___latbits               (abs)        0002
___sp                    stack        0000
___stackhi               (abs)        0000
___stacklo               (abs)        0000
___wmul                  text6        02F8
___wmul@multiplicand     cstackBANK0  0034
___wmul@multiplier       cstackBANK0  0032
___wmul@product          cstackCOMMON 0074
__end_of_CONTADOR        text9        0295
__end_of_ISR             text10       01E4
__end_of_LECT1           text4        0126
__end_of_LECT2           text3        00A6
__end_of_Setup           text2        02CB
__end_of_USARTcon        text1        034C
__end_of___awdiv         text8        018F
__end_of___bmul          text7        0336
__end_of___wmul          text6        031F
__end_of__initialization cinit        0022
__end_of_envio           text11       02F8
__end_of_main            maintext     025E
__end_of_num_ascii       text5        0225
__initialization         cinit        000F
__pbssBANK0              bssBANK0     0020
__pbssCOMMON             bssCOMMON    0076
__pcstackBANK0           cstackBANK0  0032
__pcstackCOMMON          cstackCOMMON 0070
__pdataBANK0             dataBANK0    0043
__pidataBANK0            idataBANK0   0354
__pintentry              intentry     0004
__pmaintext              maintext     0225
__ptext1                 text1        0336
__ptext10                text10       018F
__ptext11                text11       02CB
__ptext2                 text2        0295
__ptext3                 text3        0026
__ptext4                 text4        00A6
__ptext5                 text5        01E4
__ptext6                 text6        02F8
__ptext7                 text7        031F
__ptext8                 text8        0126
__ptext9                 text9        025E
__size_of_CONTADOR       (abs)        0000
__size_of_ISR            (abs)        0000
__size_of_LECT1          (abs)        0000
__size_of_LECT2          (abs)        0000
__size_of_Setup          (abs)        0000
__size_of_USARTcon       (abs)        0000
__size_of___awdiv        (abs)        0000
__size_of___bmul         (abs)        0000
__size_of___wmul         (abs)        0000
__size_of_envio          (abs)        0000
__size_of_main           (abs)        0000
__size_of_num_ascii      (abs)        0000
_envio                   text11       02CB
_main                    maintext     0225
_num_ascii               text5        01E4
_res                     bssBANK0     0024
_signo                   bssCOMMON    0078
_sum                     bssBANK0     0025
_toggleTX                bssCOMMON    0079
btemp                    (abs)        007E
clear_ram0               clrtext      034C
end_of_initialization    cinit        0022
interrupt_function       intentry     0004
intlevel0                functab      0000
intlevel1                functab      0000
intlevel2                functab      0000
intlevel3                functab      0000
intlevel4                functab      0000
intlevel5                functab      0000
num_ascii@num            cstackBANK0  0032
reset_vec                reset_vec    0000
saved_w                  (abs)        007E
start                    init         000C
start_initialization     cinit        000F
wtemp0                   (abs)        007E


MODULE INFORMATION

Module		Function		Class		Link	Load	Size
C:\Program Files\Microchip\xc8\v2.32\pic\sources\c90\common\Umul8.c
		___bmul        		CODE           	031F	0000	23

C:\Program Files\Microchip\xc8\v2.32\pic\sources\c90\common\Umul8.c estimated size: 23

USART.c
		_USARTcon      		CODE           	0336	0000	22

USART.c estimated size: 22

shared
		__initialization		CODE           	000F	0000	19

shared estimated size: 19

C:\Program Files\Microchip\xc8\v2.32\pic\sources\c90\common\awdiv.c
		___awdiv       		CODE           	0126	0000	105

C:\Program Files\Microchip\xc8\v2.32\pic\sources\c90\common\awdiv.c estimated size: 105

C:\Program Files\Microchip\xc8\v2.32\pic\sources\c90\common\Umul16.c
		___wmul        		CODE           	02F8	0000	39

C:\Program Files\Microchip\xc8\v2.32\pic\sources\c90\common\Umul16.c estimated size: 39

main.c
		_LECT2         		CODE           	0026	0000	128
		_ISR           		CODE           	018F	0000	85
		_main          		CODE           	0225	0000	57
		_Setup         		CODE           	0295	0000	54
		_envio         		CODE           	02CB	0000	45
		_LECT1         		CODE           	00A6	0000	128
		_CONTADOR      		CODE           	025E	0000	55

main.c estimated size: 552

ASCII.c
		_num_ascii     		CODE           	01E4	0000	65

ASCII.c estimated size: 65

